// Jest Snapshot v1, https://goo.gl/fbAQLP

exports[`NavBar Component should render page correctly 1`] = `ShallowWrapper {}`;
